exports[`Slide should mount successfully 1`] = `
".carousel-wrapper
  .carousel-inner(role=\'listbox\', style=\'visibility: hidden;\')
    .carousel-slide
|  
.carousel-pagination(style=\'display: none;\')
  ul.carousel-dot-container(role=\'tablist\')
    li.carousel-dot.carousel-dot--active(aria-hidden=\'false\', role=\'presentation\', aria-selected=\'true\', style=\'margin-top: 20px;\')
      button.carousel-dot-button.true(type=\'button\', role=\'button\', aria-label=\'\`Item \${index}\`\', title=\'Item 0\', tabindex=\'0\', class=\'active:\')
  |  
  svg.flickity-button-icon.carousel-back-button(viewbox=\'0 0 100 100\', style=\'display: none;\')
    path.arrow(d=\'M 10,50 L 60,100 L 60,95 L 15,50  L 60,5 L 60,0 Z\')
  |  
  svg.flickity-button-icon.next.carousel-next-button(viewbox=\'0 0 100 100\', style=\'display: none;\')
    path.arrow(d=\'M 10,50 L 60,100 L 60,95 L 15,50  L 60,5 L 60,0 Z\')
"
`;
